GitReins guard run log — full output (the console summary is bounded)
run_utc: 2026-09-20T15:01:59Z
workdir: /home/kara/consensus
test_mode: diff
test_targets: full suite (safety trigger)
overall: PASS
guards: 5 (0 failed, 0 skipped)
diagnostics:
  first_failing_test: none detected
  secrets_scanners: clean (gitleaks + builtin cross-check)

==============================================================================
[PASS] secrets  passed=true  exit_code=n/a
==============================================================================
--- output (untruncated) ---
gitleaks: clean

==============================================================================
[PASS] static_analysis  passed=true  exit_code=n/a
==============================================================================
--- output (untruncated) ---
Go compiler covers static analysis — skipped

==============================================================================
[PASS] go_build  passed=true  exit_code=n/a
==============================================================================
--- output (untruncated) ---
No Go files staged

==============================================================================
[PASS] go_lint  passed=true  exit_code=n/a
==============================================================================
--- output (untruncated) ---
No Go files staged

==============================================================================
[PASS] go_tests  passed=true  exit_code=n/a
==============================================================================
--- output (untruncated) ---
No Go files staged
