GitReins guard run log — full output (the console summary is bounded)
run_utc: 2026-09-25T13:21:20Z
workdir: /home/kara/consensus
test_mode: diff
test_targets: full suite (safety trigger)
overall: FAIL
guards: 5 (1 failed, 0 skipped)
diagnostics:
  first_failing_test: none detected
  secrets_scanners: clean (gitleaks + builtin cross-check)

==============================================================================
[FAIL] go_tests  passed=false  exit_code=n/a
==============================================================================
--- output (untruncated) ---
Tests timed out after 180s (guards.test_timeout). Raise it in .gitreins/config.yaml — e.g. test_timeout: 900 for large projects with slow integration suites.

==============================================================================
[PASS] secrets  passed=true  exit_code=n/a
==============================================================================
--- output (untruncated) ---
gitleaks: clean

==============================================================================
[PASS] static_analysis  passed=true  exit_code=n/a
==============================================================================
--- output (untruncated) ---
Go compiler covers static analysis — skipped

==============================================================================
[PASS] go_build  passed=true  exit_code=n/a
==============================================================================
--- output (untruncated) ---
go build: ok

==============================================================================
[PASS] go_lint  passed=true  exit_code=n/a
==============================================================================
--- output (untruncated) ---
go vet: clean
