GitReins guard run log — full output (the console summary is bounded)
run_utc: 2026-09-24T04:49:45Z
workdir: /home/kara/consensus
test_mode: diff
test_targets: full suite (safety trigger)
overall: PASS
guards: 5 (0 failed, 0 skipped)
diagnostics:
  first_failing_test: none detected
  secrets_scanners: clean (gitleaks + builtin cross-check)

==============================================================================
[PASS] secrets  passed=true  exit_code=n/a
==============================================================================
--- output (untruncated) ---
gitleaks: clean

==============================================================================
[PASS] static_analysis  passed=true  exit_code=n/a
==============================================================================
--- output (untruncated) ---
Go compiler covers static analysis — skipped

==============================================================================
[PASS] go_build  passed=true  exit_code=n/a
==============================================================================
--- output (untruncated) ---
go build: ok

==============================================================================
[PASS] go_lint  passed=true  exit_code=n/a
==============================================================================
--- output (untruncated) ---
go vet: clean

==============================================================================
[PASS] go_tests  passed=true  exit_code=n/a
==============================================================================
--- output (untruncated) ---
st files]
?   	github.com/wojons/consensus/chronicle	[no test files]
ok  	github.com/wojons/consensus/cmd/consensus	0.030s
ok  	github.com/wojons/consensus/demo	6.388s
ok  	github.com/wojons/consensus/internal/api	0.948s
ok  	github.com/wojons/consensus/internal/billing	0.012s
ok  	github.com/wojons/consensus/internal/bootstrap	0.239s
ok  	github.com/wojons/consensus/internal/chronicle	0.037s
ok  	github.com/wojons/consensus/internal/cli	0.101s
ok  	github.com/wojons/consensus/internal/compressi
